// Jest Snapshot v1, https://goo.gl/fbAQLP

exports[`CSV Exporter renders CSV 1`] = `
"name,\\"Years \\"\\"old\\"\\"\\",created,description
\\"Bond, James\\",30,\\"1953-04-13T00:00:00.000Z\\",
Sandokan,-37,\\"1895-01-01T00:00:00.000Z\\",\\"Emilio Salgari wrote several novels chronicling the adventures of Sandokan and Yanez, two of his most legendary creations.
 The pirates are introduced in \\"\\"The Tigers of Mompracem\\"\\", which portrays their relentless struggle against the Dutch and British powers that seek to wipe them out. \\"
\\"Mortadelo y Filem√≥n\\",50.56667,,
,,,
,,,
"
`;
