// Jest Snapshot v1, https://goo.gl/fbAQLP

exports[`Exporter renders CSV 1`] = `undefined`;
